[localhost/img/smashlogo.png]
[backblue.gif]
[fade.gif]
[index.html]
[localhost/img/info.png]
[localhost/img/program.png]
[localhost/img/musikk.jpg]
[ajax.googleapis.com/ajax/libs/jquery/1.11.3/jquery.min.js]
[localhost/lib/bootstrap/js/bootstrap.min.js]
[localhost/index.html]
[localhost/lib/bootstrap/fonts/glyphicons-halflings-regular.eot]
[localhost/lib/bootstrap/fonts/glyphicons-halflings-regulard41d.eot]
[localhost/lib/bootstrap/fonts/glyphicons-halflings-regular.woff]
[localhost/lib/bootstrap/fonts/glyphicons-halflings-regular.ttf]
[localhost/lib/bootstrap/css/bootstrap.css]
[localhost/lib/bootstrap/css/bootstrap-social.css]
[localhost/lib/font-awesome/fonts/fontawesome-webfonte0a5.eot]
[localhost/lib/font-awesome/fonts/fontawesome-webfontd41d.eot]
[localhost/lib/font-awesome/fonts/fontawesome-webfonte0a5.woff2]
[localhost/lib/font-awesome/fonts/fontawesome-webfonte0a5.woff]
[localhost/lib/font-awesome/fonts/fontawesome-webfonte0a5.ttf]
[localhost/lib/font-awesome/css/font-awesome.css]
[localhost/img/jumbotron_background.jpg]
[localhost/lib/custom.css]
[localhost/om_dette_smash.html]
[localhost/program.html]
[localhost/fellesmusikk.html]
[localhost/praktisk_info.html]
[localhost/statistikk/orkester.js]
[localhost/statistikk/instrument.js]
[localhost/statistikk/kjonn.js]
[localhost/statistikk/revy.js]
[localhost/statistikk.html]
[localhost/kort_om_smash.html]
[localhost/1960tallet.html]
[localhost/1970tallet.html]
[localhost/1980tallet.html]
[localhost/1990tallet.html]
[localhost/2000tallet.html]
[localhost/2010tallet.html]
[localhost/img/buttons/Button-2017,Bergen.jpg]
[localhost/img/buttons/Button-2016,Ås.jpg]
[localhost/img/buttons/Button-2016,Christianssand.jpg]
[localhost/img/buttons/Button-2015,Trondheim.jpg]
[localhost/img/buttons/Button-2015,Bjørgvin.jpg]
[localhost/img/buttons/Button-2014,Ås.jpg]
[localhost/img/buttons/Button-2014,Kristiansand.jpg]
[localhost/img/buttons/Button-2013,Trondheim.jpg]
[localhost/img/buttons/Button-2013,Oslo.jpg]
[localhost/img/buttons/Button-2012,Ås.jpg]
[localhost/img/buttons/Button-2011,Trondheim.jpg]
[localhost/img/buttons/Button-2010,Åslo.jpg]
[localhost/img/buttons/Button-2010,Åslo2.jpg]
[localhost/img/buttons/Button-2009,Trondheim.jpg]
[localhost/img/buttons/Button-2006,Bjørgvin.jpg]
[localhost/img/buttons/Button-2005,Trondheim.jpg]
[localhost/img/buttons/Button-2004,Åslo.jpg]
[localhost/img/buttons/Button-2004,Bjørgvin.jpg]
[localhost/img/buttons/Button-2003,Trodheim.jpg]
[localhost/img/buttons/Button-2002,Åslo.jpg]
[localhost/img/buttons/Button-2001,Trondheim.jpg]
[localhost/img/buttons/Button-2001,Kristiansand.jpg]
[localhost/img/buttons/Button-2000,Ås.jpg]
[localhost/img/buttons/Button-1999,Kristiansand.jpg]
[localhost/img/buttons/Button-1998,Ås.jpg]
[localhost/img/buttons/Button-1998,Bergen.jpg]
[localhost/img/buttons/Button-1997,Trondheim.jpg]
[localhost/img/buttons/Button-1991,Kristiansand.jpg]
[localhost/bilder_buttons.html]
[localhost/img/fellesbilder/2016,Ås.jpg]
[localhost/img/fellesbilder/2016,Kristiansand.jpg]
[localhost/img/fellesbilder/2015,Trondheim.jpg]
[localhost/img/fellesbilder/2015,Bergen.jpg]
[localhost/img/fellesbilder/2014,Ås.jpg]
[localhost/img/fellesbilder/2014,Kristiansand.jpg]
[localhost/img/fellesbilder/2013,Trondheim.jpg]
[localhost/img/fellesbilder/2013,Oslo.jpg]
[localhost/img/fellesbilder/2010,Åslo.jpg]
[localhost/img/fellesbilder/2007,Trondheim.jpg]
[localhost/img/fellesbilder/2005,Trondheim.jpg]
[localhost/img/fellesbilder/2004,Bergen.jpg]
[localhost/img/fellesbilder/2003,Trondheim.jpg]
[localhost/img/fellesbilder/2000,Ås.jpg]
[localhost/img/fellesbilder/1999,Kristiansand.jpg]
[localhost/img/fellesbilder/1971,Trondheim.jpg]
[localhost/img/fellesbilder/1970,ukaÅS.jpg]
[localhost/img/fellesbilder/1967,Trondheim.jpg]
[localhost/bilder_fellesbilder.html]
[localhost/img/orchesterdex/Whos_that_Pokemon2.png]
[localhost/img/orchesterdex/colorless.png]
[localhost/img/orchesterdex/colorless-icon.png]
[localhost/img/orchesterdex/berg.jpg]
[localhost/img/orchesterdex/water.png]
[localhost/img/orchesterdex/water-icon.png]
[localhost/img/orchesterdex/biorneblaes.jpg]
[localhost/img/orchesterdex/psychic.png]
[localhost/img/orchesterdex/psychic-icon.png]
[localhost/img/orchesterdex/corpsus.jpg]
[localhost/img/orchesterdex/fire_classic.png]
[localhost/img/orchesterdex/fire-icon.png]
[localhost/img/orchesterdex/taktlaus.jpg]
[localhost/img/orchesterdex/grass.png]
[localhost/img/orchesterdex/grass-icon.png]
[localhost/img/orchesterdex/dragern.jpg]
[localhost/img/orchesterdex/lightning.png]
[localhost/img/orchesterdex/lightning-icon.png]
[localhost/img/orchesterdex/force.jpg]
[localhost/img/orchesterdex/med_spadser.jpg]
[localhost/img/orchesterdex/med-selskab.jpg]
[localhost/img/orchesterdex/med-parade.gif]
[localhost/img/orchesterdex/larmonien.jpg]
[localhost/img/orchesterdex/ompagniet.jpg]
[localhost/img/orchesterdex/bibel_spadser.jpg]
[localhost/img/orchesterdex/strindens.jpg]
[localhost/img/orchesterdex/taphel.jpg]
[localhost/img/orchesterdex/aasblaesten.jpg]
[localhost/orchesterdex.html]
[localhost/styret.html]
[localhost/faqs.html]
[localhost/kontakt.html]
[localhost/lib/bootstrap/fonts/glyphicons-halflings-regular.html]
[localhost/lib/bootstrap/fonts/glyphicons-halflings-regular.svg]
[localhost/lib/font-awesome/fonts/fontawesome-webfonte0a5.svg]
[localhost/lib/bootstrap/css/carousel.css]
[localhost/img/fellesbilder/2017,Bergen.html]
[localhost/lib/bootstrap/css/grid.css]
